<html>
<body>
<pre>
<h1>µVision Build Log</h1>
<h2>Project:</h2>
D:\GitHub\Prog-IO-with-Interrupts\Boiler Plate\Prog-IO with Interrupts.uvproj
Project File Date:  01/11/2016

<h2>Output:</h2>
Rebuild target 'MCBSTM32E Flash'
assembling startup_stm32f10x_hd.s...
compiling system_stm32f10x.c...
compiling GLCD_16bitIF_STM32.c...
compiling IRQ.c...
compiling LED_Functions.c...
compiling LCD_Functions.c...
compiling Button_Functions.c...
compiling Prog-IO with Interrupts.c...
Prog-IO with Interrupts.c(116): warning:  #9-D: nested comment is not allowed
Prog-IO with Interrupts.c(168): warning:  #111-D: statement is unreachable
Prog-IO with Interrupts.c(68): warning:  #177-D: variable "i" was declared but never referenced
compiling Exercise1.c...
compiling Excercise2.c...
compiling Exercise3.c...
compiling clock.c...
linking...
Program Size: Code=5678 RO-data=6610 RW-data=36 ZI-data=1028  
".\Flash\Blinky.axf" - 0 Errors, 3 Warning(s).
Load "D:\\GitHub\\Prog-IO-with-Interrupts\\Boiler Plate\\Flash\\Blinky.axf" 
Erase Done.
Programming Done.
Verify OK.
